// Vitest Snapshot v1, https://vitest.dev/guide/snapshot.html

exports[`MarketingConsent stories snapshot > ClickEditButton story renders and matches snapshot 1`] = `
<div
  class="bg-card text-card-foreground flex flex-col gap-6 rounded-xl border py-6 shadow-sm"
  data-section="marketing-consent"
  data-slot="card"
>
  <div
    class="@container/card-header grid auto-rows-min grid-rows-[auto_auto] items-start gap-2 px-6 has-data-[slot=card-action]:grid-cols-[1fr_auto] [.border-b]:pb-6 border-b border-muted-foreground/20 pb-4"
    data-slot="card-header"
  >
    <div
      class="leading-none font-semibold"
      data-slot="card-title"
    >
      Marketing & Communication Preferences
    </div>
    <div
      class="col-start-2 row-span-2 row-start-1 self-start justify-self-end"
      data-slot="card-action"
    >
      <button
        class="inline-flex items-center justify-center whitespace-nowrap text-sm font-medium transition-all disabled:pointer-events-none disabled:opacity-50 [&_svg]:pointer-events-none [&_svg:not([class*='size-'])]:size-4 shrink-0 [&_svg]:shrink-0 outline-none focus-visible:border-ring focus-visible:ring-ring/50 focus-visible:ring-[3px] aria-invalid:ring-destructive/20 dark:aria-invalid:ring-destructive/40 aria-invalid:border-destructive border bg-background shadow-xs hover:bg-accent hover:text-accent-foreground dark:bg-input/30 dark:border-input dark:hover:bg-input/50 h-8 rounded-md gap-1.5 px-3 has-[>svg]:px-2.5"
        data-size="sm"
        data-slot="button"
        data-variant="outline"
        type="button"
      >
        Edit
      </button>
    </div>
  </div>
  <div
    class="px-6 pt-6"
    data-slot="card-content"
  />
</div>
`;

exports[`MarketingConsent stories snapshot > Default story renders and matches snapshot 1`] = `
<div
  class="bg-card text-card-foreground flex flex-col gap-6 rounded-xl border py-6 shadow-sm"
  data-section="marketing-consent"
  data-slot="card"
>
  <div
    class="@container/card-header grid auto-rows-min grid-rows-[auto_auto] items-start gap-2 px-6 has-data-[slot=card-action]:grid-cols-[1fr_auto] [.border-b]:pb-6 border-b border-muted-foreground/20 pb-4"
    data-slot="card-header"
  >
    <div
      class="leading-none font-semibold"
      data-slot="card-title"
    >
      Marketing & Communication Preferences
    </div>
    <div
      class="col-start-2 row-span-2 row-start-1 self-start justify-self-end"
      data-slot="card-action"
    >
      <button
        class="inline-flex items-center justify-center whitespace-nowrap text-sm font-medium transition-all disabled:pointer-events-none disabled:opacity-50 [&_svg]:pointer-events-none [&_svg:not([class*='size-'])]:size-4 shrink-0 [&_svg]:shrink-0 outline-none focus-visible:border-ring focus-visible:ring-ring/50 focus-visible:ring-[3px] aria-invalid:ring-destructive/20 dark:aria-invalid:ring-destructive/40 aria-invalid:border-destructive border bg-background shadow-xs hover:bg-accent hover:text-accent-foreground dark:bg-input/30 dark:border-input dark:hover:bg-input/50 h-8 rounded-md gap-1.5 px-3 has-[>svg]:px-2.5"
        data-size="sm"
        data-slot="button"
        data-variant="outline"
        type="button"
      >
        Edit
      </button>
    </div>
  </div>
  <div
    class="px-6 pt-6"
    data-slot="card-content"
  />
</div>
`;
